// Jest Snapshot v1, https://goo.gl/fbAQLP

exports[`automatic snapshot 1`] = `
Array [
  Object {
    "name": "Dynaguy",
    "powers": Array [
      "disintegration ray",
      "fly",
    ],
  },
  Object {
    "name": "Apogee",
    "powers": Array [
      "gravity control",
      "fly",
    ],
  },
]
`;
